// Jest Snapshot v1, https://goo.gl/fbAQLP

exports[`AmountInput rendering renders correctly 1`] = `ShallowWrapper {}`;

exports[`AmountInput rendering renders correctly with error message 1`] = `ShallowWrapper {}`;
