// Jest Snapshot v1, https://goo.gl/fbAQLP

exports[`ExchangeForm rendering renders correctly 1`] = `ShallowWrapper {}`;
